core_cm0.h:629:22:NVIC_EnableIRQ	16	static
core_cm0.h:688:22:NVIC_SetPriority	24	static
core_cm0.h:769:26:SysTick_Config	16	static
STML.h:136:6:SysTick_Handler	8	static
STML.h:139:6:sleep	16	static
STML.h:146:6:delay_us	16	static
STML.h:153:6:delay_ms	32	static
STML.h:163:6:delay_s	24	static
STML.h:167:10:getTime	8	static
STML.h:177:6:CLOCK_internal48mhz	8	static
STML.h:191:6:CLOCK_default8mhz	8	static
STML.h:205:6:io_init	16	static
STML.h:212:6:io_off	16	static
STML.h:224:6:io_in	32	static
STML.h:230:6:io_out	16	static
STML.h:232:6:io_writeIO	24	static
STML.h:239:6:io_analogMode	16	static
STML.h:242:6:io_low	16	static
STML.h:244:6:io_high	16	static
STML.h:245:6:io_toggle	16	static
STML.h:247:6:io_writeLogic	16	static
STML.h:249:10:io_read	16	static
STML.h:250:9:io_isHigh	16	static
STML.h:251:9:io_isLow	16	static
STML.h:253:6:io_speedLow	16	static
STML.h:254:6:io_speedMedium	16	static
STML.h:255:6:io_speedHigh	16	static
STML.h:257:6:io_pushPull	16	static
STML.h:258:6:io_openDrain	16	static
STML.h:260:6:io_lock	16	static
STML.h:261:6:io_unlock	16	static
STML.h:263:6:io_altF	96	static
STML.h:276:6:__extIntDefaultFunction	8	static
STML.h:279:6:io_setInterrupt	32	static
STML.h:296:6:io_disableInterrupt	16	static
STML.h:298:9:io_intFromPin	16	static
STML.h:303:6:EXTI0_1_IRQHandler	8	static
STML.h:304:6:EXTI2_3_IRQHandler	8	static
STML.h:305:6:EXTI4_15_IRQHandler	8	static
STML.h:316:6:__dummy	8	static
STML.h:353:6:TIM1_CC_IRQHandler	8	static
STML.h:358:6:TIM1_BRK_UP_TRG_COM_IRQHandler	8	static
STML.h:363:6:TIM3_IRQHandler	8	static
STML.h:368:6:TIM14_IRQHandler	8	static
STML.h:373:6:TIM16_IRQHandler	8	static
STML.h:378:6:TIM17_IRQHandler	8	static
STML.h:394:6:TIM_wakeUp	16	static
STML.h:414:6:TIM_interruptEnable	32	static
STML.h:448:6:TIM_countTo	16	static
STML.h:456:6:TIM_countFrom	16	static
STML.h:464:6:TIM_start	16	static
STML.h:468:6:TIM_stop	16	static
STML.h:472:10:TIM_getValue	16	static
STML.h:476:6:TIM_setValue	16	static
STML.h:494:6:TIM_repeat	32	static
STML.h:511:6:T1_countTo	16	static
STML.h:519:6:T1_countFrom	16	static
STML.h:527:6:T1_resume	8	static
STML.h:531:6:T1_pause	8	static
STML.h:535:10:T1_getValue	8	static
STML.h:539:6:T1_setValue	16	static
STML.h:543:9:T1_isWorking	8	static
STML.h:547:6:T1_repeat	16	static
STML.h:565:6:T3_countTo	16	static
STML.h:573:6:T3_countFrom	16	static
STML.h:581:6:T3_resume	8	static
STML.h:585:6:T3_pause	8	static
STML.h:589:10:T3_getValue	8	static
STML.h:593:6:T3_setValue	16	static
STML.h:597:9:T3_isWorking	8	static
STML.h:603:6:T3_repeat	16	static
STML.h:622:6:T14_countTo	16	static
STML.h:630:6:T14_countFrom	16	static
STML.h:638:6:T14_resume	8	static
STML.h:642:6:T14_pause	8	static
STML.h:646:10:T14_getValue	8	static
STML.h:650:6:T14_setValue	16	static
STML.h:654:9:T14_isWorking	8	static
STML.h:660:6:T14_repeat	16	static
STML.h:689:6:__UART_defaultRXDFunction	16	static
STML.h:700:6:USART1_IRQHandler	16	static
STML.h:717:6:UART_init	32	static
STML.h:732:6:UART_clearBuffer	8	static
STML.h:736:5:UART_dataPacketAvailable	8	static
STML.h:740:5:UART_available	8	static
STML.h:744:5:UART_readNextByte	16	static
STML.h:750:6:UART_writeByte	24	static
STML.h:757:6:UART_flush	8	static
STML.h:762:6:UART_print	16	static
STML.h:766:6:UART_println	16	static
STML.h:773:5:UART_num	104	dynamic
STML.h:803:5:UART_numln	32	static
STML.h:809:5:UART_hex	120	dynamic
STML.h:842:5:UART_hexln	32	static
STML.h:848:6:UART_backspace	24	static
STML.h:852:6:UART_write	24	static
STML.h:865:6:UART_setTimeout	16	static
STML.h:878:6:ADC_init	16	static
STML.h:891:6:ADC_disable	8	static
STML.h:895:6:ADC_setPin	16	static
STML.h:902:10:ADC_sample	8	static
STML.h:937:6:SPI_on	40	static
STML.h:953:10:SPI_word	16	static
STML.h:969:6:WDT_init	40	static
STML.h:992:6:WDT_reload	8	static
STML.h:1001:9:UTIL_charToHex	16	static
STML.h:1008:10:UTIL_stringHexToWord	32	static
STML.h:1020:9:UTIL_stringToNum	72	static
STML.h:1041:9:UTIL_stringToNumHex	56	static
STML.h:1063:10:UTIL_crc16	24	static
stepper.h:62:9:stepper_createMotor	40	static
stepper.h:86:6:__stepper_stepMotors	16	static
stepper.h:103:6:stepper_initTimer	24	static
stepper.h:109:6:stepper_run	32	static
stepper.h:116:6:stepper_setSpeed	24	static
stepper.h:122:6:stepper_hold	16	static
stepper.h:126:6:stepper_release	16	static
stepper.h:130:9:stepper_getSteps	16	static
main.c:41:6:updateSpeed	16	static
main.c:82:5:main	16	static
main.c:134:6:initControls	24	static
